fetching git input 'git+file:///home/lbischof/git/github.com/lorenzbischof/nixfiles'
warning: Git tree '/home/lbischof/git/github.com/lorenzbischof/nixfiles' is dirty
fetching github input 'github:numtide/devshell'
fetching github input 'github:numtide/blueprint'
copying path '/nix/store/r6g8ksyz42q28va8qjd021fwlxs010xw-source' from 'https://cache.nixos.org'...
fetching github input 'github:danth/stylix/f47c0edcf71e802378b1b7725fa57bb44fe85ee8'
copying path '/nix/store/9zrkrj7cfwswgn03s53f4rwr545d848r-source' from 'https://nix-community.cachix.org'...
copying path '/nix/store/ql312mabpbqaavx1isj6xyw4ryb1lxm0-source' from 'https://nix-community.cachix.org'...
this derivation will be built:
  /nix/store/63b7b9b0pdgcy7pif5mcnyyw8jx6nssn-nixos-rebuild-ng-0.0.0.drv
these 126 paths will be fetched (142.95 MiB download, 586.32 MiB unpacked):
  /nix/store/zk2vakvb6kly2vwnby0kcr3bvlm1xdpy-acl-2.3.2
  /nix/store/72gxwkk86xcc1vs9d92c65hq253zm4aj-attr-2.5.2
  /nix/store/v49lxzknamxh6gfhq3vbv76y8zyncv22-aws-c-auth-0.9.0
  /nix/store/z23ghkq242i3557ys4mqckcqpg9f58sb-aws-c-cal-0.9.2
  /nix/store/dlw5rkgvl6nb091nxvjri7cf2vvkn8q5-aws-c-common-0.12.4
  /nix/store/a37wiab9balwmgcff5nckm55rsligh2y-aws-c-compression-0.3.1
  /nix/store/gzjdf3vyaslny7maxf9vq07ds5gc6q59-aws-c-event-stream-0.5.5
  /nix/store/ldxjxgxpcshl22clc4prjvz7izi2ckz6-aws-c-http-0.10.4
  /nix/store/h9zy4ry9zqvfclpy64rm9i1x28r2557h-aws-c-io-0.21.2
  /nix/store/dq1lxd97jdfw05vwxclbpzd63y3j096g-aws-c-mqtt-0.13.3
  /nix/store/48pp1ah8lba9hjxs4cp3r8smsk59fniv-aws-c-s3-0.8.6
  /nix/store/kwpapdgd2yn4m9kbnz8dm8ni73q0sbdf-aws-c-sdkutils-0.2.4
  /nix/store/5v39jab3pab92wfm3fcx0z0zgnvksms9-aws-checksums-0.2.7
  /nix/store/sz09rjkdxx7r47gwlr3dx6hsnfyr01bd-aws-crt-cpp-0.33.1
  /nix/store/xfd6mv6frvh17n7j84hjahpg2zh0g1yn-aws-sdk-cpp-1.11.612
  /nix/store/4bacfs7zrg714ffffbjp57nsvcz6zfkq-bash-5.3p3
  /nix/store/xrwdb41dqi2ia6lr2s61w5bzfg2m71pi-binutils-2.44
  /nix/store/rn9p36mzr2wpqhix076s5fg3yjxgzr3i-binutils-2.44-lib
  /nix/store/ky2x48xfid0nn5arablpwlnsngj70gws-binutils-wrapper-2.44
  /nix/store/77a9xgqrvvbwgi7gyvllqkxlz0rr7afj-boehm-gc-8.2.8
  /nix/store/pc94vsjs6d1d5z0a0ajbcckbjaif4r70-brotli-1.1.0-lib
  /nix/store/zpq67js2sghxas2wi8yx1ywykvgq3c2i-busybox-1.36.1
  /nix/store/rzipk1q7q1kcfrdmqdj10pcxsn3pig8b-bzip2-1.0.8
  /nix/store/yiwcf5lsmalda0211g2nra5p20vmbp3q-bzip2-1.0.8-bin
  /nix/store/j0hxmjni7jd3h1p00qakm5myzj2n8yi5-capnproto-1.2.0
  /nix/store/xbp2j3z0lhizr5vvzff4dgdcxgs8i2w7-coreutils-9.7
  /nix/store/ndk4rmzynqrms8sknjk8viibd6lldqa8-curl-8.14.1
  /nix/store/ygkjhqa87z4mbyd1ymi0rcig7vavka5y-die-hook
  /nix/store/wjd5xfqk2cm55wfkc0nyxlg38d1h17x0-diffutils-3.12
  /nix/store/xv4hd72410g9x4s5mc2q1j4hvp65inrp-ed-1.21.1
  /nix/store/2br4bvq7lxkk4vszpdqfa3jz8d4qyld3-editline-1.17.1
  /nix/store/7aaznbi227wr1zqamraykaj42hys9r11-ensure-newer-sources-hook
  /nix/store/jqgp3w5ara0s53bca028cp23l1ih1g7p-expand-response-params
  /nix/store/g0qw7dbd2cmrlz2wbppjmbr75sjssgyd-expat-2.7.1
  /nix/store/z08sfbfszjqfd52v6ccw35l332rfskz6-file-5.45
  /nix/store/bn3p3g6lsl0wa4ybrvik5rk4j5h3q7lb-findutils-4.10.0
  /nix/store/0f4bvykzxsjvxh01jh1zai6s5jjlrach-gawk-5.3.2
  /nix/store/qdknxw57cwy1jkrhq7fzmiis73j42jv6-gcc-14.3.0
  /nix/store/ysdkxvcvy2sy36sqigkyqanixm76z2xh-gcc-14.3.0-lib
  /nix/store/yn88qvq7iwz2mx4xic2dk3p59ah64bap-gcc-14.3.0-libgcc
  /nix/store/bcw9f6r9v2fm3kv7d15fcrya0mf34xds-gcc-wrapper-14.3.0
  /nix/store/y3l2k9g9k2alds6xim14207n3k8237bw-gdbm-1.25-lib
  /nix/store/8p33is69mjdw3bi1wmi8v2zpsxir8nwd-glibc-2.40-66
  /nix/store/j941hd82ybw2czd7lgf3xwccmqy9281h-glibc-2.40-66-bin
  /nix/store/9ly5qx1lbj0q1rcsf1dc0m9n3db6ii60-glibc-2.40-66-dev
  /nix/store/y1p729hd8krfd342kwn4m0rvy2642gjp-gmp-6.3.0
  /nix/store/7jf660z2yn9sm5kc5zfw5jyax336r05p-gmp-with-cxx-6.3.0
  /nix/store/41mfbqgyi798xpfiab363vb5w2zsm654-gnu-config-2024-01-01
  /nix/store/5ygilvgz6l47fw3x5ylb0cz1afgc3737-gnugrep-3.12
  /nix/store/3aliwf9m0ji0fvpb6dg5hhp691fsvi1p-gnumake-4.4.1
  /nix/store/i74283mw5bncn16i0zbz0lvvq4sn0q87-gnused-4.9
  /nix/store/wa302h6k7rvrp6mzvq96swdyh3np0cyh-gnutar-1.35
  /nix/store/6w3g3nzyqqvhv36q2xj22k4d9vw3jl7h-gzip-1.14
  /nix/store/pkm1wsnynzz2k89aydxpw59n06gqmm3k-install-shell-files
  /nix/store/dxa20px5kblls8gnrmvv4ahpxlwrr4cp-isl-0.20
  /nix/store/ygw90xgkwd7vimvnnh8frdfrhhpmmsbk-keyutils-1.6.3-lib
  /nix/store/j4bxc8hhmld8j9r6qzrw1fip998fpwqw-krb5-1.21.3-lib
  /nix/store/g20h5kl3083bki0vj0xzdwlpjmjn6vms-libarchive-3.8.1-lib
  /nix/store/207wz6fhvncn151p5kjp43pjg37v16b0-libcpuid-0.8.0
  /nix/store/4dx3d18k6xhzbckajqj8l0yi63kchn1g-libffi-3.5.1
  /nix/store/30n8yzgji9ph8i5hshla57zbvdcpl5n3-libidn2-2.3.8
  /nix/store/z2838br9p3zil6igb33mi0bks5518idv-libmpc-1.3.1
  /nix/store/xi2034lf3xnbww8ppjnnqp8hilbyb10m-libpsl-0.21.5
  /nix/store/vajfw7s4pq1lrp2pv96jhcnwkajbzrxy-libseccomp-2.6.0-lib
  /nix/store/h6780wi26kh0ia6bvrh0qs6ra4npp5i5-libsodium-1.0.20
  /nix/store/5cb01j63qam129a5sn5200x1n16020kk-libssh2-1.11.1
  /nix/store/90z6lxmraj3i1mvnzkdjwc1gdqxisbf4-libunistring-1.3
  /nix/store/xgas01ahg3r9g31cindlvi7d136gjvag-libxcrypt-4.4.38
  /nix/store/nic5yk8f47kg55qayn9cnwxl555439vj-libxml2-2.14.5
  /nix/store/n6x4xn9bj4syr5k9y8zalkdl2p8ykn2z-linux-headers-6.16
  /nix/store/gzla1q2xfin7r8gnwpfdskhrihcig6l4-lix-2.93.3
  /nix/store/y5phypccgvpxmdil01wd3af93dpkzi72-lix-2.93.3-man
  /nix/store/j1k61f6h29s18rxdb99nlywycb1w28n3-lowdown-2.0.2-lib
  /nix/store/bzv1s1zgm784va3qrc3smdfmi9fm9gf1-lsof-4.99.5
  /nix/store/vfnsmilvgsj1fm40ijxsbnsal29irkp3-mailcap-2.1.54
  /nix/store/f1v2xvyf0n6mdbd482n80z8b680nsavn-make-shell-wrapper-hook
  /nix/store/vkr7b7xfx84y20i1ddrs5nhaj15jxn5l-mpdecimal-4.0.1
  /nix/store/a2kaxjpg6z8dw8y58k714sbyfh84ar8z-mpfr-4.2.2
  /nix/store/dkq38vygkwn487qqz06d0nhiyjdp1288-ncurses-6.5
  /nix/store/rxk6k8lwllmbjm3cgj2w5hd75awq15qf-nghttp2-1.66.0-lib
  /nix/store/xzhbzgxyzw8vpkx0pxvwsh64v4536isz-openssl-3.5.1
  /nix/store/mi1pwxxkcplv09cbim5f80bga62xymfb-openssl-3.5.1-bin
  /nix/store/nwwdn3nq90c58lvy9x3ix6xgxp5vy4in-openssl-3.5.1-dev
  /nix/store/6y9g2rfkz3phgazm88mn57pwxw2cwvql-passt-2025_08_05.309eefd
  /nix/store/8j75alqms3ldbds4b4zip9mmy4af59ml-patch-2.8
  /nix/store/b3rsa3r13bkp8hr5g3pncxpb6b3crvxl-patchelf-0.15.0
  /nix/store/yach148avwpy3gp7fsv0pgvbvhb04iw7-pcre2-10.44
  /nix/store/n42mcr2b8pxmv3kd51lky4grizaxg9h2-publicsuffix-list-0-unstable-2025-07-22
  /nix/store/jc4p19954g4r9p2w90cgym8ismh9inaa-pypa-build-hook.sh
  /nix/store/dz3zzxmv6kzvahsbmasknca1gws3icc5-pypa-install-hook
  /nix/store/7fz417yp00l583hym4d3ljxml1y9yxdq-pytest-check-hook
  /nix/store/c6s2r97yjcim4pinb5rz7i6sjkk0bww7-python-catch-conflicts-hook
  /nix/store/0bas9i0617zw29vkps6b0h87161h3fhd-python-imports-check-hook.sh
  /nix/store/yww35xlib2awyadirp7n1qr5myv62lgs-python-namespaces-hook.sh
  /nix/store/5anf8k1fslhm3vq1il8ri9c2dx9mwsvp-python-output-dist-hook
  /nix/store/nysk08gyklzy6byrq7qgzhzh43c48jxd-python-remove-bin-bytecode-hook
  /nix/store/kxdh9kzdzs2p3wz02pwpd9wwfhc6s7jm-python-remove-tests-dir-hook
  /nix/store/4ryr89iw5jh2if7il9vjra5z7n49vjz2-python-runtime-deps-check-hook.sh
  /nix/store/iyff8129iampdw13nlfqalzhxy8y1hi9-python3-3.13.6
  /nix/store/z0h1zgs8cczgqvm6ca3gq1qbf39w0rl2-python3.13-build-1.3.0
  /nix/store/mbplgrhsls0bfwbf3zf69jyw9bcyn50q-python3.13-iniconfig-2.1.0
  /nix/store/vg5p6shvmd7kcx3zinnpdxrqvwijl8k9-python3.13-installer-0.7.0
  /nix/store/b8glrq02m0qpm8jss0fd41dhm54albhb-python3.13-packaging-25.0
  /nix/store/r3wzjxnpq41l7s3qbc239s63jakdv7q6-python3.13-pluggy-1.6.0
  /nix/store/ina921kfnpfyl4289painlhr3d3sag7x-python3.13-pygments-2.19.2
  /nix/store/nrl3lkmlqsxf2v2wk50kffbk1v8zl8vv-python3.13-pyproject-hooks-1.2.0
  /nix/store/l9wxarvas1jpan9s1l0k1a5mx05g3qj6-python3.13-pytest-8.4.1
  /nix/store/zg70iz40mx8k33g553zf62wq7101c6k0-python3.13-setuptools-80.9.0
  /nix/store/6qfvqf7q0q9zi6jb762r1l8ahag6xnsw-python3.13-shtab-1.7.2
  /nix/store/z5918da6cslvjaxap4i179z47gs1xh3n-python3.13-wheel-0.46.1
  /nix/store/1xcf2g49i8mm3n1wzqn31avqmr7ygm3r-readline-8.3p1
  /nix/store/cd6nbghnh3xyhn94fv83wayk7mnl555z-s2n-tls-1.5.23
  /nix/store/30wzrz4rlscfbxdi5y83blvshlf8z7kb-scdoc-1.11.3
  /nix/store/jqlmmgw68f0mxq2vyxm34vv9zl18ax1d-scdoc-1.11.3-dev
  /nix/store/7l3i8gvsh4gxzmivw1yr56ngz0xsn7nv-sqlite-3.50.2
  /nix/store/i2ph69njb7121m5z49mjmiy4bqjd6vrl-stdenv-linux
  /nix/store/mknxn79qjdcn3mw3vbpimqqhiqyyksgm-tzdata-2025b
  /nix/store/y1khqn4bmkx7vxbmgsdpp5vi81500zhb-update-autotools-gnu-config-scripts-hook
  /nix/store/g7pqqm523j4slxhqs84bbq4zzn1y1afk-util-linux-minimal-2.41.1-lib
  /nix/store/5ahp86yiiswhzb311j024pjng83bpcyx-wrap-python-hook
  /nix/store/f6famnry0piih1d3hh6y73fxx05jxsa8-xgcc-14.3.0-libgcc
  /nix/store/q9mrk95cx43h8m026kj3qd5aara2332i-xz-5.8.1
  /nix/store/fksqvzy6pc1a4rbpyyiq4932m22aq5h4-xz-5.8.1-bin
  /nix/store/5bc6m6cx56zfrz30b8wpdarh1qarqlzx-zlib-1.3.1
  /nix/store/l9siaj7kk7q4nap9i2hz0s5gakgbf2i9-zlib-1.3.1-dev
  /nix/store/8fnj0gmfmcbry0hl70i8s01fh2s972bi-zstd-1.5.7
copying path '/nix/store/pkm1wsnynzz2k89aydxpw59n06gqmm3k-install-shell-files' from 'https://cache.nixos.org'...
copying path '/nix/store/5anf8k1fslhm3vq1il8ri9c2dx9mwsvp-python-output-dist-hook' from 'https://cache.nixos.org'...
copying path '/nix/store/nysk08gyklzy6byrq7qgzhzh43c48jxd-python-remove-bin-bytecode-hook' from 'https://cache.nixos.org'...
copying path '/nix/store/kxdh9kzdzs2p3wz02pwpd9wwfhc6s7jm-python-remove-tests-dir-hook' from 'https://cache.nixos.org'...
copying path '/nix/store/zpq67js2sghxas2wi8yx1ywykvgq3c2i-busybox-1.36.1' from 'https://cache.nixos.org'...
copying path '/nix/store/vfnsmilvgsj1fm40ijxsbnsal29irkp3-mailcap-2.1.54' from 'https://cache.nixos.org'...
copying path '/nix/store/y5phypccgvpxmdil01wd3af93dpkzi72-lix-2.93.3-man' from 'https://cache.nixos.org'...
copying path '/nix/store/mknxn79qjdcn3mw3vbpimqqhiqyyksgm-tzdata-2025b' from 'https://cache.nixos.org'...
copying path '/nix/store/ygkjhqa87z4mbyd1ymi0rcig7vavka5y-die-hook' from 'https://cache.nixos.org'...
copying path '/nix/store/yn88qvq7iwz2mx4xic2dk3p59ah64bap-gcc-14.3.0-libgcc' from 'https://cache.nixos.org'...
copying path '/nix/store/41mfbqgyi798xpfiab363vb5w2zsm654-gnu-config-2024-01-01' from 'https://cache.nixos.org'...
copying path '/nix/store/f6famnry0piih1d3hh6y73fxx05jxsa8-xgcc-14.3.0-libgcc' from 'https://cache.nixos.org'...
copying path '/nix/store/90z6lxmraj3i1mvnzkdjwc1gdqxisbf4-libunistring-1.3' from 'https://cache.nixos.org'...
copying path '/nix/store/n6x4xn9bj4syr5k9y8zalkdl2p8ykn2z-linux-headers-6.16' from 'https://cache.nixos.org'...
copying path '/nix/store/n42mcr2b8pxmv3kd51lky4grizaxg9h2-publicsuffix-list-0-unstable-2025-07-22' from 'https://cache.nixos.org'...
copying path '/nix/store/y1khqn4bmkx7vxbmgsdpp5vi81500zhb-update-autotools-gnu-config-scripts-hook' from 'https://cache.nixos.org'...
copying path '/nix/store/30n8yzgji9ph8i5hshla57zbvdcpl5n3-libidn2-2.3.8' from 'https://cache.nixos.org'...
copying path '/nix/store/8p33is69mjdw3bi1wmi8v2zpsxir8nwd-glibc-2.40-66' from 'https://cache.nixos.org'...
copying path '/nix/store/72gxwkk86xcc1vs9d92c65hq253zm4aj-attr-2.5.2' from 'https://cache.nixos.org'...
copying path '/nix/store/dlw5rkgvl6nb091nxvjri7cf2vvkn8q5-aws-c-common-0.12.4' from 'https://cache.nixos.org'...
copying path '/nix/store/4bacfs7zrg714ffffbjp57nsvcz6zfkq-bash-5.3p3' from 'https://cache.nixos.org'...
copying path '/nix/store/pc94vsjs6d1d5z0a0ajbcckbjaif4r70-brotli-1.1.0-lib' from 'https://cache.nixos.org'...
copying path '/nix/store/rzipk1q7q1kcfrdmqdj10pcxsn3pig8b-bzip2-1.0.8' from 'https://cache.nixos.org'...
copying path '/nix/store/xv4hd72410g9x4s5mc2q1j4hvp65inrp-ed-1.21.1' from 'https://cache.nixos.org'...
copying path '/nix/store/jqgp3w5ara0s53bca028cp23l1ih1g7p-expand-response-params' from 'https://cache.nixos.org'...
copying path '/nix/store/0f4bvykzxsjvxh01jh1zai6s5jjlrach-gawk-5.3.2' from 'https://cache.nixos.org'...
copying path '/nix/store/g0qw7dbd2cmrlz2wbppjmbr75sjssgyd-expat-2.7.1' from 'https://cache.nixos.org'...
copying path '/nix/store/ysdkxvcvy2sy36sqigkyqanixm76z2xh-gcc-14.3.0-lib' from 'https://cache.nixos.org'...
copying path '/nix/store/y3l2k9g9k2alds6xim14207n3k8237bw-gdbm-1.25-lib' from 'https://cache.nixos.org'...
copying path '/nix/store/j941hd82ybw2czd7lgf3xwccmqy9281h-glibc-2.40-66-bin' from 'https://cache.nixos.org'...
copying path '/nix/store/y1p729hd8krfd342kwn4m0rvy2642gjp-gmp-6.3.0' from 'https://cache.nixos.org'...
copying path '/nix/store/3aliwf9m0ji0fvpb6dg5hhp691fsvi1p-gnumake-4.4.1' from 'https://cache.nixos.org'...
copying path '/nix/store/ygw90xgkwd7vimvnnh8frdfrhhpmmsbk-keyutils-1.6.3-lib' from 'https://cache.nixos.org'...
copying path '/nix/store/i74283mw5bncn16i0zbz0lvvq4sn0q87-gnused-4.9' from 'https://cache.nixos.org'...
copying path '/nix/store/207wz6fhvncn151p5kjp43pjg37v16b0-libcpuid-0.8.0' from 'https://cache.nixos.org'...
copying path '/nix/store/4dx3d18k6xhzbckajqj8l0yi63kchn1g-libffi-3.5.1' from 'https://cache.nixos.org'...
copying path '/nix/store/vajfw7s4pq1lrp2pv96jhcnwkajbzrxy-libseccomp-2.6.0-lib' from 'https://cache.nixos.org'...
copying path '/nix/store/xi2034lf3xnbww8ppjnnqp8hilbyb10m-libpsl-0.21.5' from 'https://cache.nixos.org'...
copying path '/nix/store/h6780wi26kh0ia6bvrh0qs6ra4npp5i5-libsodium-1.0.20' from 'https://cache.nixos.org'...
copying path '/nix/store/xgas01ahg3r9g31cindlvi7d136gjvag-libxcrypt-4.4.38' from 'https://cache.nixos.org'...
copying path '/nix/store/j1k61f6h29s18rxdb99nlywycb1w28n3-lowdown-2.0.2-lib' from 'https://cache.nixos.org'...
copying path '/nix/store/bzv1s1zgm784va3qrc3smdfmi9fm9gf1-lsof-4.99.5' from 'https://cache.nixos.org'...
copying path '/nix/store/vkr7b7xfx84y20i1ddrs5nhaj15jxn5l-mpdecimal-4.0.1' from 'https://cache.nixos.org'...
copying path '/nix/store/nic5yk8f47kg55qayn9cnwxl555439vj-libxml2-2.14.5' from 'https://cache.nixos.org'...
copying path '/nix/store/xzhbzgxyzw8vpkx0pxvwsh64v4536isz-openssl-3.5.1' from 'https://cache.nixos.org'...
copying path '/nix/store/30wzrz4rlscfbxdi5y83blvshlf8z7kb-scdoc-1.11.3' from 'https://cache.nixos.org'...
copying path '/nix/store/dkq38vygkwn487qqz06d0nhiyjdp1288-ncurses-6.5' from 'https://cache.nixos.org'...
copying path '/nix/store/yach148avwpy3gp7fsv0pgvbvhb04iw7-pcre2-10.44' from 'https://cache.nixos.org'...
copying path '/nix/store/g7pqqm523j4slxhqs84bbq4zzn1y1afk-util-linux-minimal-2.41.1-lib' from 'https://cache.nixos.org'...
copying path '/nix/store/q9mrk95cx43h8m026kj3qd5aara2332i-xz-5.8.1' from 'https://cache.nixos.org'...
copying path '/nix/store/rxk6k8lwllmbjm3cgj2w5hd75awq15qf-nghttp2-1.66.0-lib' from 'https://cache.nixos.org'...
copying path '/nix/store/5bc6m6cx56zfrz30b8wpdarh1qarqlzx-zlib-1.3.1' from 'https://cache.nixos.org'...
copying path '/nix/store/yiwcf5lsmalda0211g2nra5p20vmbp3q-bzip2-1.0.8-bin' from 'https://cache.nixos.org'...
copying path '/nix/store/8j75alqms3ldbds4b4zip9mmy4af59ml-patch-2.8' from 'https://cache.nixos.org'...
copying path '/nix/store/zk2vakvb6kly2vwnby0kcr3bvlm1xdpy-acl-2.3.2' from 'https://cache.nixos.org'...
copying path '/nix/store/jqlmmgw68f0mxq2vyxm34vv9zl18ax1d-scdoc-1.11.3-dev' from 'https://cache.nixos.org'...
copying path '/nix/store/rn9p36mzr2wpqhix076s5fg3yjxgzr3i-binutils-2.44-lib' from 'https://cache.nixos.org'...
copying path '/nix/store/7l3i8gvsh4gxzmivw1yr56ngz0xsn7nv-sqlite-3.50.2' from 'https://cache.nixos.org'...
copying path '/nix/store/z08sfbfszjqfd52v6ccw35l332rfskz6-file-5.45' from 'https://cache.nixos.org'...
copying path '/nix/store/l9siaj7kk7q4nap9i2hz0s5gakgbf2i9-zlib-1.3.1-dev' from 'https://cache.nixos.org'...
copying path '/nix/store/wa302h6k7rvrp6mzvq96swdyh3np0cyh-gnutar-1.35' from 'https://cache.nixos.org'...
copying path '/nix/store/a37wiab9balwmgcff5nckm55rsligh2y-aws-c-compression-0.3.1' from 'https://cache.nixos.org'...
copying path '/nix/store/kwpapdgd2yn4m9kbnz8dm8ni73q0sbdf-aws-c-sdkutils-0.2.4' from 'https://cache.nixos.org'...
copying path '/nix/store/5v39jab3pab92wfm3fcx0z0zgnvksms9-aws-checksums-0.2.7' from 'https://cache.nixos.org'...
copying path '/nix/store/fksqvzy6pc1a4rbpyyiq4932m22aq5h4-xz-5.8.1-bin' from 'https://cache.nixos.org'...
copying path '/nix/store/dxa20px5kblls8gnrmvv4ahpxlwrr4cp-isl-0.20' from 'https://cache.nixos.org'...
copying path '/nix/store/a2kaxjpg6z8dw8y58k714sbyfh84ar8z-mpfr-4.2.2' from 'https://cache.nixos.org'...
copying path '/nix/store/6w3g3nzyqqvhv36q2xj22k4d9vw3jl7h-gzip-1.14' from 'https://cache.nixos.org'...
copying path '/nix/store/f1v2xvyf0n6mdbd482n80z8b680nsavn-make-shell-wrapper-hook' from 'https://cache.nixos.org'...
copying path '/nix/store/6y9g2rfkz3phgazm88mn57pwxw2cwvql-passt-2025_08_05.309eefd' from 'https://cache.nixos.org'...
copying path '/nix/store/5ygilvgz6l47fw3x5ylb0cz1afgc3737-gnugrep-3.12' from 'https://cache.nixos.org'...
copying path '/nix/store/9ly5qx1lbj0q1rcsf1dc0m9n3db6ii60-glibc-2.40-66-dev' from 'https://cache.nixos.org'...
copying path '/nix/store/2br4bvq7lxkk4vszpdqfa3jz8d4qyld3-editline-1.17.1' from 'https://cache.nixos.org'...
copying path '/nix/store/1xcf2g49i8mm3n1wzqn31avqmr7ygm3r-readline-8.3p1' from 'https://cache.nixos.org'...
copying path '/nix/store/z2838br9p3zil6igb33mi0bks5518idv-libmpc-1.3.1' from 'https://cache.nixos.org'...
copying path '/nix/store/xrwdb41dqi2ia6lr2s61w5bzfg2m71pi-binutils-2.44' from 'https://cache.nixos.org'...
copying path '/nix/store/77a9xgqrvvbwgi7gyvllqkxlz0rr7afj-boehm-gc-8.2.8' from 'https://cache.nixos.org'...
copying path '/nix/store/7jf660z2yn9sm5kc5zfw5jyax336r05p-gmp-with-cxx-6.3.0' from 'https://cache.nixos.org'...
copying path '/nix/store/8fnj0gmfmcbry0hl70i8s01fh2s972bi-zstd-1.5.7' from 'https://cache.nixos.org'...
copying path '/nix/store/b3rsa3r13bkp8hr5g3pncxpb6b3crvxl-patchelf-0.15.0' from 'https://cache.nixos.org'...
copying path '/nix/store/z23ghkq242i3557ys4mqckcqpg9f58sb-aws-c-cal-0.9.2' from 'https://cache.nixos.org'...
copying path '/nix/store/j4bxc8hhmld8j9r6qzrw1fip998fpwqw-krb5-1.21.3-lib' from 'https://cache.nixos.org'...
copying path '/nix/store/5cb01j63qam129a5sn5200x1n16020kk-libssh2-1.11.1' from 'https://cache.nixos.org'...
copying path '/nix/store/mi1pwxxkcplv09cbim5f80bga62xymfb-openssl-3.5.1-bin' from 'https://cache.nixos.org'...
copying path '/nix/store/iyff8129iampdw13nlfqalzhxy8y1hi9-python3-3.13.6' from 'https://cache.nixos.org'...
copying path '/nix/store/cd6nbghnh3xyhn94fv83wayk7mnl555z-s2n-tls-1.5.23' from 'https://cache.nixos.org'...
copying path '/nix/store/qdknxw57cwy1jkrhq7fzmiis73j42jv6-gcc-14.3.0' from 'https://cache.nixos.org'...
copying path '/nix/store/g20h5kl3083bki0vj0xzdwlpjmjn6vms-libarchive-3.8.1-lib' from 'https://cache.nixos.org'...
copying path '/nix/store/xbp2j3z0lhizr5vvzff4dgdcxgs8i2w7-coreutils-9.7' from 'https://cache.nixos.org'...
copying path '/nix/store/h9zy4ry9zqvfclpy64rm9i1x28r2557h-aws-c-io-0.21.2' from 'https://cache.nixos.org'...
copying path '/nix/store/nwwdn3nq90c58lvy9x3ix6xgxp5vy4in-openssl-3.5.1-dev' from 'https://cache.nixos.org'...
copying path '/nix/store/ndk4rmzynqrms8sknjk8viibd6lldqa8-curl-8.14.1' from 'https://cache.nixos.org'...
copying path '/nix/store/gzjdf3vyaslny7maxf9vq07ds5gc6q59-aws-c-event-stream-0.5.5' from 'https://cache.nixos.org'...
copying path '/nix/store/ldxjxgxpcshl22clc4prjvz7izi2ckz6-aws-c-http-0.10.4' from 'https://cache.nixos.org'...
copying path '/nix/store/wjd5xfqk2cm55wfkc0nyxlg38d1h17x0-diffutils-3.12' from 'https://cache.nixos.org'...
copying path '/nix/store/bn3p3g6lsl0wa4ybrvik5rk4j5h3q7lb-findutils-4.10.0' from 'https://cache.nixos.org'...
copying path '/nix/store/j0hxmjni7jd3h1p00qakm5myzj2n8yi5-capnproto-1.2.0' from 'https://cache.nixos.org'...
copying path '/nix/store/dq1lxd97jdfw05vwxclbpzd63y3j096g-aws-c-mqtt-0.13.3' from 'https://cache.nixos.org'...
copying path '/nix/store/v49lxzknamxh6gfhq3vbv76y8zyncv22-aws-c-auth-0.9.0' from 'https://cache.nixos.org'...
copying path '/nix/store/ky2x48xfid0nn5arablpwlnsngj70gws-binutils-wrapper-2.44' from 'https://cache.nixos.org'...
copying path '/nix/store/7aaznbi227wr1zqamraykaj42hys9r11-ensure-newer-sources-hook' from 'https://cache.nixos.org'...
copying path '/nix/store/yww35xlib2awyadirp7n1qr5myv62lgs-python-namespaces-hook.sh' from 'https://cache.nixos.org'...
copying path '/nix/store/48pp1ah8lba9hjxs4cp3r8smsk59fniv-aws-c-s3-0.8.6' from 'https://cache.nixos.org'...
copying path '/nix/store/sz09rjkdxx7r47gwlr3dx6hsnfyr01bd-aws-crt-cpp-0.33.1' from 'https://cache.nixos.org'...
copying path '/nix/store/xfd6mv6frvh17n7j84hjahpg2zh0g1yn-aws-sdk-cpp-1.11.612' from 'https://cache.nixos.org'...
copying path '/nix/store/gzla1q2xfin7r8gnwpfdskhrihcig6l4-lix-2.93.3' from 'https://cache.nixos.org'...
copying path '/nix/store/c6s2r97yjcim4pinb5rz7i6sjkk0bww7-python-catch-conflicts-hook' from 'https://cache.nixos.org'...
copying path '/nix/store/0bas9i0617zw29vkps6b0h87161h3fhd-python-imports-check-hook.sh' from 'https://cache.nixos.org'...
copying path '/nix/store/mbplgrhsls0bfwbf3zf69jyw9bcyn50q-python3.13-iniconfig-2.1.0' from 'https://cache.nixos.org'...
copying path '/nix/store/vg5p6shvmd7kcx3zinnpdxrqvwijl8k9-python3.13-installer-0.7.0' from 'https://cache.nixos.org'...
copying path '/nix/store/b8glrq02m0qpm8jss0fd41dhm54albhb-python3.13-packaging-25.0' from 'https://cache.nixos.org'...
copying path '/nix/store/ina921kfnpfyl4289painlhr3d3sag7x-python3.13-pygments-2.19.2' from 'https://cache.nixos.org'...
copying path '/nix/store/r3wzjxnpq41l7s3qbc239s63jakdv7q6-python3.13-pluggy-1.6.0' from 'https://cache.nixos.org'...
copying path '/nix/store/nrl3lkmlqsxf2v2wk50kffbk1v8zl8vv-python3.13-pyproject-hooks-1.2.0' from 'https://cache.nixos.org'...
copying path '/nix/store/zg70iz40mx8k33g553zf62wq7101c6k0-python3.13-setuptools-80.9.0' from 'https://cache.nixos.org'...
copying path '/nix/store/6qfvqf7q0q9zi6jb762r1l8ahag6xnsw-python3.13-shtab-1.7.2' from 'https://cache.nixos.org'...
copying path '/nix/store/z5918da6cslvjaxap4i179z47gs1xh3n-python3.13-wheel-0.46.1' from 'https://cache.nixos.org'...
copying path '/nix/store/5ahp86yiiswhzb311j024pjng83bpcyx-wrap-python-hook' from 'https://cache.nixos.org'...
copying path '/nix/store/4ryr89iw5jh2if7il9vjra5z7n49vjz2-python-runtime-deps-check-hook.sh' from 'https://cache.nixos.org'...
copying path '/nix/store/z0h1zgs8cczgqvm6ca3gq1qbf39w0rl2-python3.13-build-1.3.0' from 'https://cache.nixos.org'...
copying path '/nix/store/dz3zzxmv6kzvahsbmasknca1gws3icc5-pypa-install-hook' from 'https://cache.nixos.org'...
copying path '/nix/store/jc4p19954g4r9p2w90cgym8ismh9inaa-pypa-build-hook.sh' from 'https://cache.nixos.org'...
copying path '/nix/store/l9wxarvas1jpan9s1l0k1a5mx05g3qj6-python3.13-pytest-8.4.1' from 'https://cache.nixos.org'...
copying path '/nix/store/7fz417yp00l583hym4d3ljxml1y9yxdq-pytest-check-hook' from 'https://cache.nixos.org'...
copying path '/nix/store/bcw9f6r9v2fm3kv7d15fcrya0mf34xds-gcc-wrapper-14.3.0' from 'https://cache.nixos.org'...
copying path '/nix/store/i2ph69njb7121m5z49mjmiy4bqjd6vrl-stdenv-linux' from 'https://cache.nixos.org'...
building '/nix/store/63b7b9b0pdgcy7pif5mcnyyw8jx6nssn-nixos-rebuild-ng-0.0.0.drv'...
building the system configuration...
fetching git input 'git+file:///home/lbischof/git/github.com/lorenzbischof/nixfiles'
warning: Git tree '/home/lbischof/git/github.com/lorenzbischof/nixfiles' is dirty
copying path '/nix/store/p1r0zcqa4ygz0pp2a6n9sg7cbzhmlb20-base16-schemes-0-unstable-2025-06-04' from 'https://cache.nixos.org'...
error:
       … while calling the 'head' builtin
         at /nix/store/r6g8ksyz42q28va8qjd021fwlxs010xw-source/lib/attrsets.nix:1544:13:
         1543|           if length values == 1 || pred here (elemAt values 1) (head values) then
         1544|             head values
             |             ^
         1545|           else

       … while evaluating the attribute 'value'
         at /nix/store/r6g8ksyz42q28va8qjd021fwlxs010xw-source/lib/modules.nix:1118:7:
         1117|     // {
         1118|       value = addErrorContext "while evaluating the option `${showOption loc}':" value;
             |       ^
         1119|       inherit (res.defsFinal') highestPrio;

       (stack trace truncated; use '--show-trace' to show the full trace)

       error:
       Failed assertions:
       - The option definition `services.logind.extraConfig' in `/nix/store/ldmhn7wncz3wn7hsvadszq40rap7b8rg-source/hosts/laptop/configuration.nix' no longer has any effect; please remove it.
       Use services.logind.settings.Login instead.
Command 'nix --extra-experimental-features 'nix-command flakes' build --print-out-paths '/home/lbischof/git/github.com/lorenzbischof/nixfiles#nixosConfigurations."laptop".config.system.build.toplevel' --no-link' returned non-zero exit status 1.
error: Recipe `test` failed with exit code 1
